%!Adobe-FontList 1.14
%Locale:0x41e

%BeginFont
Handler:DirectoryHandler
FontType:TrueType
FontName:Aparajita
FamilyName:Aparajita
StyleName:Regular
FullName:Aparajita
MenuName:Aparajita
StyleBits:0
WritingScript:Roman
OutlineFileName:C:\Users\chokniran\Desktop\Font\aparaj.ttf
DataFormat:sfntData
FileLength:222356
FileModTime:1455876390
WeightClass:400
WidthClass:5
AngleClass:0
%EndFont

%BeginFont
Handler:DirectoryHandler
FontType:Invalid
OutlineFileName:C:\Users\chokniran\Desktop\Font\dfkai-sb.eot
FileModTime:1455876393
%EndFont

%BeginFont
Handler:DirectoryHandler
FontType:TrueType
FontName:DFKaiShu-SB-Estd-BF
FamilyName:DFKai-SB
StyleName:Regular
FullName:DFKai-SB
MenuName:DFKai-SB
StyleBits:0
FamilyNameNative:標楷體
StyleNameNative:Regular
FullNameNative:標楷體
WritingScript:TraditionalChinese
OutlineFileName:C:\Users\chokniran\Desktop\Font\dfkai-sb.ttf
DataFormat:sfntData
FileLength:5178844
FileModTime:1455876396
WeightClass:400
WidthClass:5
AngleClass:0
%EndFont

%BeginFont
Handler:DirectoryHandler
FontType:Invalid
OutlineFileName:C:\Users\chokniran\Desktop\Font\dfkai-sb.woff
FileModTime:1455876403
%EndFont

%BeginFont
Handler:DirectoryHandler
FontType:Invalid
OutlineFileName:C:\Users\chokniran\Desktop\Font\generator_config.txt
FileModTime:1455876397
%EndFont

%BeginFont
Handler:DirectoryHandler
FontType:TrueType
FontName:DFKaiShu-SB-Estd-BF
FamilyName:DFKai-SB
StyleName:Regular
FullName:DFKai-SB
MenuName:DFKai-SB
StyleBits:0
FamilyNameNative:標楷體
StyleNameNative:Regular
FullNameNative:標楷體
WritingScript:TraditionalChinese
OutlineFileName:C:\Users\chokniran\Desktop\Font\kaiu.ttf
DataFormat:sfntData
FileLength:5178844
FileModTime:1455876393
WeightClass:400
WidthClass:5
AngleClass:0
%EndFont

%BeginFont
Handler:DirectoryHandler
FontType:Invalid
OutlineFileName:C:\Users\chokniran\Desktop\Font\stylesheet.css
FileModTime:1455876399
%EndFont

%BeginFont
Handler:DirectoryHandler
FontType:Invalid
OutlineFileName:C:\Users\chokniran\Desktop\Font\sukhumvitset-bold-demo.html
FileModTime:1455876393
%EndFont

%BeginFont
Handler:DirectoryHandler
FontType:Invalid
OutlineFileName:C:\Users\chokniran\Desktop\Font\sukhumvitset-bold-webfont.eot
FileModTime:1455876397
%EndFont

%BeginFont
Handler:DirectoryHandler
FontType:TrueType
FontName:SukhumvitSet-Bold
FamilyName:Sukhumvit Set
StyleName:Bold
FullName:Sukhumvit Set Bold
MenuName:Sukhumvit Set
StyleBits:2
WritingScript:Roman
OutlineFileName:C:\Users\chokniran\Desktop\Font\sukhumvitset-bold-webfont.ttf
DataFormat:sfntData
FileLength:95928
FileModTime:1455876401
WeightClass:700
WidthClass:5
AngleClass:0
%EndFont

%BeginFont
Handler:DirectoryHandler
FontType:Invalid
OutlineFileName:C:\Users\chokniran\Desktop\Font\sukhumvitset-bold-webfont.woff
FileModTime:1455876394
%EndFont

%BeginFont
Handler:DirectoryHandler
FontType:Invalid
OutlineFileName:C:\Users\chokniran\Desktop\Font\sukhumvitset-bold-webfont.woff2
FileModTime:1455876394
%EndFont

%BeginFont
Handler:DirectoryHandler
FontType:Invalid
OutlineFileName:C:\Users\chokniran\Desktop\Font\sukhumvitset-light-demo.html
FileModTime:1455876398
%EndFont

%BeginFont
Handler:DirectoryHandler
FontType:Invalid
OutlineFileName:C:\Users\chokniran\Desktop\Font\sukhumvitset-light-webfont.eot
FileModTime:1455876393
%EndFont

%BeginFont
Handler:DirectoryHandler
FontType:TrueType
FontName:SukhumvitSet-Light
FamilyName:Sukhumvit Set
StyleName:Light
FullName:Sukhumvit Set Light
MenuName:Sukhumvit Set
StyleBits:0
WritingScript:Roman
OutlineFileName:C:\Users\chokniran\Desktop\Font\sukhumvitset-light-webfont.ttf
DataFormat:sfntData
FileLength:99620
FileModTime:1455876397
WeightClass:300
WidthClass:5
AngleClass:0
%EndFont

%BeginFont
Handler:DirectoryHandler
FontType:Invalid
OutlineFileName:C:\Users\chokniran\Desktop\Font\sukhumvitset-light-webfont.woff
FileModTime:1455876391
%EndFont

%BeginFont
Handler:DirectoryHandler
FontType:Invalid
OutlineFileName:C:\Users\chokniran\Desktop\Font\sukhumvitset-light-webfont.woff2
FileModTime:1455876390
%EndFont

%BeginFont
Handler:DirectoryHandler
FontType:Invalid
OutlineFileName:C:\Users\chokniran\Desktop\Font\sukhumvitset-medium-demo.html
FileModTime:1455876396
%EndFont

%BeginFont
Handler:DirectoryHandler
FontType:Invalid
OutlineFileName:C:\Users\chokniran\Desktop\Font\sukhumvitset-medium-webfont.eot
FileModTime:1455876398
%EndFont

%BeginFont
Handler:DirectoryHandler
FontType:TrueType
FontName:SukhumvitSet-Medium
FamilyName:Sukhumvit Set
StyleName:Medium
FullName:Sukhumvit Set Medium
MenuName:Sukhumvit Set
StyleBits:0
WritingScript:Roman
OutlineFileName:C:\Users\chokniran\Desktop\Font\sukhumvitset-medium-webfont.ttf
DataFormat:sfntData
FileLength:83856
FileModTime:1455876396
WeightClass:500
WidthClass:5
AngleClass:0
%EndFont

%BeginFont
Handler:DirectoryHandler
FontType:Invalid
OutlineFileName:C:\Users\chokniran\Desktop\Font\sukhumvitset-medium-webfont.woff
FileModTime:1455876395
%EndFont

%BeginFont
Handler:DirectoryHandler
FontType:Invalid
OutlineFileName:C:\Users\chokniran\Desktop\Font\sukhumvitset-medium-webfont.woff2
FileModTime:1455876390
%EndFont

%BeginFont
Handler:DirectoryHandler
FontType:Invalid
OutlineFileName:C:\Users\chokniran\Desktop\Font\sukhumvitset-semibold-demo.html
FileModTime:1455876389
%EndFont

%BeginFont
Handler:DirectoryHandler
FontType:Invalid
OutlineFileName:C:\Users\chokniran\Desktop\Font\sukhumvitset-semibold-webfont.eot
FileModTime:1455876398
%EndFont

%BeginFont
Handler:DirectoryHandler
FontType:TrueType
FontName:SukhumvitSet-SemiBold
FamilyName:Sukhumvit Set
StyleName:Semi Bold
FullName:Sukhumvit Set Semi Bold
MenuName:Sukhumvit Set
StyleBits:2
WritingScript:Roman
OutlineFileName:C:\Users\chokniran\Desktop\Font\sukhumvitset-semibold-webfont.ttf
DataFormat:sfntData
FileLength:84364
FileModTime:1455876395
WeightClass:600
WidthClass:5
AngleClass:0
%EndFont

%BeginFont
Handler:DirectoryHandler
FontType:Invalid
OutlineFileName:C:\Users\chokniran\Desktop\Font\sukhumvitset-semibold-webfont.woff
FileModTime:1455876398
%EndFont

%BeginFont
Handler:DirectoryHandler
FontType:Invalid
OutlineFileName:C:\Users\chokniran\Desktop\Font\sukhumvitset-semibold-webfont.woff2
FileModTime:1455876394
%EndFont

%BeginFont
Handler:DirectoryHandler
FontType:Invalid
OutlineFileName:C:\Users\chokniran\Desktop\Font\sukhumvitset-text-demo.html
FileModTime:1455876400
%EndFont

%BeginFont
Handler:DirectoryHandler
FontType:Invalid
OutlineFileName:C:\Users\chokniran\Desktop\Font\sukhumvitset-text-webfont.eot
FileModTime:1455876399
%EndFont

%BeginFont
Handler:DirectoryHandler
FontType:TrueType
FontName:SukhumvitSet-Text
FamilyName:Sukhumvit Set
StyleName:Text
FullName:Sukhumvit Set Text
MenuName:Sukhumvit Set
StyleBits:0
WritingScript:Roman
OutlineFileName:C:\Users\chokniran\Desktop\Font\sukhumvitset-text-webfont.ttf
DataFormat:sfntData
FileLength:84792
FileModTime:1455876390
WeightClass:400
WidthClass:5
AngleClass:0
%EndFont

%BeginFont
Handler:DirectoryHandler
FontType:Invalid
OutlineFileName:C:\Users\chokniran\Desktop\Font\sukhumvitset-text-webfont.woff
FileModTime:1455876397
%EndFont

%BeginFont
Handler:DirectoryHandler
FontType:Invalid
OutlineFileName:C:\Users\chokniran\Desktop\Font\sukhumvitset-text-webfont.woff2
FileModTime:1455876390
%EndFont

%BeginFont
Handler:DirectoryHandler
FontType:Invalid
OutlineFileName:C:\Users\chokniran\Desktop\Font\sukhumvitset-thin-demo.html
FileModTime:1455876395
%EndFont

%BeginFont
Handler:DirectoryHandler
FontType:Invalid
OutlineFileName:C:\Users\chokniran\Desktop\Font\sukhumvitset-thin-webfont.eot
FileModTime:1455876400
%EndFont

%BeginFont
Handler:DirectoryHandler
FontType:TrueType
FontName:SukhumvitSet-Thin
FamilyName:Sukhumvit Set
StyleName:Thin
FullName:Sukhumvit Set Thin
MenuName:Sukhumvit Set
StyleBits:0
WritingScript:Roman
OutlineFileName:C:\Users\chokniran\Desktop\Font\sukhumvitset-thin-webfont.ttf
DataFormat:sfntData
FileLength:84040
FileModTime:1455876397
WeightClass:250
WidthClass:5
AngleClass:0
%EndFont

%BeginFont
Handler:DirectoryHandler
FontType:Invalid
OutlineFileName:C:\Users\chokniran\Desktop\Font\sukhumvitset-thin-webfont.woff
FileModTime:1455876398
%EndFont

%BeginFont
Handler:DirectoryHandler
FontType:Invalid
OutlineFileName:C:\Users\chokniran\Desktop\Font\sukhumvitset-thin-webfont.woff2
FileModTime:1455876398
%EndFont

%BeginFont
Handler:DirectoryHandler
FontType:Invalid
OutlineFileName:C:\Users\chokniran\Desktop\Font\sverige-script_flag.png
FileModTime:1455876395
%EndFont

%BeginFont
Handler:DirectoryHandler
FontType:Invalid
OutlineFileName:C:\Users\chokniran\Desktop\Font\sverige-script_poster.png
FileModTime:1455876400
%EndFont

%BeginFont
Handler:DirectoryHandler
FontType:Invalid
OutlineFileName:C:\Users\chokniran\Desktop\Font\sverige-script_poster02.png
FileModTime:1455876394
%EndFont

%BeginFont
Handler:DirectoryHandler
FontType:TrueType
FontName:SverigeScriptDemo
FamilyName:Sverige Script Demo
StyleName:Regular
FullName:Sverige Script Demo
MenuName:Sverige Script Demo
StyleBits:0
WritingScript:Roman
OutlineFileName:C:\Users\chokniran\Desktop\Font\SverigeScriptCleanDemo.ttf
DataFormat:sfntData
FileLength:419764
FileModTime:1455876399
WeightClass:400
WidthClass:5
AngleClass:1
%EndFont

%BeginFont
Handler:DirectoryHandler
FontType:TrueType
FontName:SverigeScriptDecoratedDemo
FamilyName:Sverige Script Decorated Demo
StyleName:Regular
FullName:Sverige Script Decorated Demo
MenuName:Sverige Script Decorated Demo
StyleBits:0
WritingScript:Roman
OutlineFileName:C:\Users\chokniran\Desktop\Font\SverigeScriptDecorated_Demo.ttf
DataFormat:sfntData
FileLength:501604
FileModTime:1455876399
WeightClass:400
WidthClass:5
AngleClass:1
%EndFont

%BeginFont
Handler:DirectoryHandler
FontType:Invalid
OutlineFileName:C:\Users\chokniran\Desktop\Font\specimen_files\easytabs.js
FileModTime:1455876402
%EndFont

%BeginFont
Handler:DirectoryHandler
FontType:Invalid
OutlineFileName:C:\Users\chokniran\Desktop\Font\specimen_files\grid_12-825-55-15.css
FileModTime:1455876401
%EndFont

%BeginFont
Handler:DirectoryHandler
FontType:Invalid
OutlineFileName:C:\Users\chokniran\Desktop\Font\specimen_files\specimen_stylesheet.css
FileModTime:1455876402
%EndFont

